UpdateCTestConfiguration  from :/Users/ipg/Research/ReSolvitaire-project/02-Code-Repositories/ReSolvitaire-caching/cmake-build-release/DartConfiguration.tcl
Test project /Users/ipg/Research/ReSolvitaire-project/02-Code-Repositories/ReSolvitaire-caching/cmake-build-release
Constructing a list of tests
Done constructing a list of tests
Updating test list for fixtures
Added 0 tests to meet fixture requirements
Checking test dependency graph...
Checking test dependency graph end
test 4
    Start 4: regression_level1

4: Test command: /opt/homebrew/bin/python3 "/Users/ipg/Research/ReSolvitaire-project/02-Code-Repositories/ReSolvitaire-caching/scripts/regression_runner.py" "--exe" "/Users/ipg/Research/ReSolvitaire-project/02-Code-Repositories/ReSolvitaire-caching/cmake-build-release/bin/solvitaire" "--instances" "/Users/ipg/Research/ReSolvitaire-project/02-Code-Repositories/ReSolvitaire-caching/tests/resources/level1" "--oracle" "/Users/ipg/Research/ReSolvitaire-project/02-Code-Repositories/ReSolvitaire-caching/tests/oracles/level1.json"
4: Working Directory: /Users/ipg/Research/ReSolvitaire-project/02-Code-Repositories/ReSolvitaire-caching
4: Test timeout computed to be: 9999879
4: Running Regression: 150 instances (Oracle: level1.json)
4: ------------------------------------------------------------
4: [FAIL] alpha-star_seed_20.json (streamliner: both)
4:   - states_searched: 82 (expected 76)
4: [FAIL] alpha-star_seed_38.json (streamliner: both)
4:   - states_searched: 701 (expected 180)
4: [FAIL] alpha-star_seed_4.json (streamliner: both)
4:   - states_searched: 244 (expected 241)
4: [FAIL] alpha-star_seed_77.json (streamliner: both)
4:   - states_searched: 369 (expected 367)
4: [FAIL] black-hole_seed_6476518.json (streamliner: both)
4:   - states_searched: 6798 (expected 3221)
4: [FAIL] black-hole_seed_6848018.json (streamliner: none)
4:   - states_searched: 29 (expected 22)
4: [FAIL] black-hole_seed_6859056.json (streamliner: none)
4:   - states_searched: 43 (expected 38)
4: [FAIL] black-hole_seed_7113129.json (streamliner: none)
4:   - states_searched: 41 (expected 39)
4: [FAIL] black-hole_seed_7663082.json (streamliner: both)
4:   - states_searched: 46688 (expected 27079)
4: [FAIL] black-hole_seed_7668047.json (streamliner: both)
4:   - states_searched: 667 (expected 522)
4: [FAIL] black-hole_seed_8256437.json (streamliner: both)
4:   - states_searched: 7566 (expected 1205)
4: [FAIL] black-hole_seed_8391072.json (streamliner: none)
4:   - states_searched: 1702 (expected 1068)
4: [FAIL] black-hole_seed_9641730.json (streamliner: both)
4:   - states_searched: 2060 (expected 1441)
4: [FAIL] british-canister_seed_228947.json (streamliner: none)
4:   - states_searched: 59138 (expected 53660)
4: Progress: 25/150 (Pass: 11, Fail: 14)
4: [FAIL] british-canister_seed_4.json (streamliner: none)
4:   - states_searched: 27 (expected 19)
4: [FAIL] british-canister_seed_7.json (streamliner: none)
4:   - states_searched: 13 (expected 9)
4: [FAIL] delta-star_seed_77.json (streamliner: both)
4:   - states_searched: 199 (expected 197)
4: [FAIL] delta-star_seed_84.json (streamliner: both)
4:   - states_searched: 329 (expected 295)
4: [FAIL] delta-star_seed_99.json (streamliner: both)
4:   - states_searched: 167 (expected 166)
4: [FAIL] eight-off_seed_0.json (streamliner: both)
4:   - states_searched: 322 (expected 256)
4: [FAIL] eight-off_seed_101.json (streamliner: none)
4:   - states_searched: 69154 (expected 52575)
4: [FAIL] eight-off_seed_2272.json (streamliner: none)
4:   - states_searched: 304051 (expected 218133)
4: [FAIL] eight-off_seed_26.json (streamliner: both)
4:   - states_searched: 295 (expected 314)
4: [FAIL] eight-off_seed_2708.json (streamliner: none)
4:   - states_searched: 84275 (expected 47476)
4: Progress: 50/150 (Pass: 26, Fail: 24)
4: [FAIL] free-cell-4-pile_seed_10.json (streamliner: none)
4:   - states_searched: 300 (expected 242)
4: [FAIL] free-cell-4-pile_seed_11849.json (streamliner: none)
4:   - states_searched: 15509 (expected 15503)
4: [FAIL] free-cell-4-pile_seed_3.json (streamliner: none)
4:   - states_searched: 440 (expected 360)
4: [FAIL] free-cell-4-pile_seed_31098.json (streamliner: both)
4:   - states_searched: 2562 (expected 2431)
4: [FAIL] free-cell-4-pile_seed_34.json (streamliner: none)
4:   - states_searched: 468 (expected 328)
4: [FAIL] free-cell-4-pile_seed_44638.json (streamliner: both)
4:   - states_searched: 5595 (expected 4786)
4: [FAIL] free-cell-4-pile_seed_46885.json (streamliner: none)
4:   - states_searched: 34092 (expected 19041)
4: [FAIL] free-cell-4-pile_seed_5.json (streamliner: none)
4:   - states_searched: 577 (expected 457)
4: [FAIL] free-cell-4-pile_seed_8948.json (streamliner: none)
4:   - states_searched: 1796 (expected 1865)
4: [FAIL] free-cell_seed_20.json (streamliner: both)
4:   - states_searched: 1534 (expected 1190)
4: [FAIL] free-cell_seed_206991.json (streamliner: none)
4:   - states_searched: 682166 (expected 474925)
4: [FAIL] free-cell_seed_275993.json (streamliner: none)
4:   - states_searched: 163634 (expected 160163)
4: [FAIL] free-cell_seed_318100.json (streamliner: none)
4:   - states_searched: 30477 (expected 26970)
4: [FAIL] free-cell_seed_334270.json (streamliner: none)
4:   - states_searched: 23211 (expected 20715)
4: [FAIL] free-cell_seed_36.json (streamliner: both)
4:   - states_searched: 4098 (expected 2461)
4: [FAIL] free-cell_seed_39.json (streamliner: both)
4:   - states_searched: 2486 (expected 2503)
4: [FAIL] free-cell_seed_59.json (streamliner: both)
4:   - states_searched: 251 (expected 217)
4: [FAIL] free-cell_seed_60.json (streamliner: both)
4:   - states_searched: 72584 (expected 1669)
4: [FAIL] free-cell_seed_80960.json (streamliner: none)
4:   - states_searched: 31607 (expected 17672)
4: [FAIL] golf_seed_1000002.json (streamliner: none)
4:   - states_searched: 74054 (expected 65000)
4: [FAIL] golf_seed_1000003.json (streamliner: none)
4:   - states_searched: 117406 (expected 103835)
4: [FAIL] golf_seed_1000006.json (streamliner: none)
4:   - states_searched: 204789 (expected 187002)
4: [FAIL] golf_seed_1000008.json (streamliner: none)
4:   - states_searched: 13535 (expected 12924)
4: [FAIL] golf_seed_1000014.json (streamliner: none)
4:   - states_searched: 127997 (expected 107572)
4: [FAIL] golf_seed_1000020.json (streamliner: none)
4:   - states_searched: 44554 (expected 39795)
4: [FAIL] golf_seed_1000021.json (streamliner: none)
4:   - states_searched: 76547 (expected 63482)
4: [FAIL] golf_seed_1000024.json (streamliner: none)
4:   - states_searched: 168264 (expected 140280)
4: [FAIL] golf_seed_1000029.json (streamliner: none)
4:   - states_searched: 27837 (expected 24621)
4: [FAIL] golf_seed_1000041.json (streamliner: none)
4:   - states_searched: 32556 (expected 28331)
4: [FAIL] klondike-deal-1_seed_610728.json (streamliner: both)
4:   - states_searched: 252 (expected 218)
4: [FAIL] klondike-deal-1_seed_640589.json (streamliner: none)
4:   - states_searched: 1131 (expected 575)
4: [FAIL] klondike-deal-1_seed_656219.json (streamliner: none)
4:   - states_searched: 1406 (expected 916)
4: [FAIL] klondike-deal-1_seed_656768.json (streamliner: none)
4:   - states_searched: 8094 (expected 3246)
4: [FAIL] klondike-deal-1_seed_851465.json (streamliner: none)
4:   - states_searched: 83184 (expected 29469)
4: [FAIL] klondike-deal-1_seed_889757.json (streamliner: none)
4:   - states_searched: 4154 (expected 2054)
4: [FAIL] klondike-deal-1_seed_96577.json (streamliner: both)
4:   - states_searched: 853 (expected 567)
4: [FAIL] klondike_seed_400002.json (streamliner: none)
4:   - states_searched: 46527 (expected 44535)
4: [FAIL] klondike_seed_400014.json (streamliner: both)
4:   - states_searched: 146 (expected 145)
4: Progress: 125/150 (Pass: 63, Fail: 62)
4: [FAIL] spanish-patience_seed_21.json (streamliner: both)
4:   - states_searched: 1109 (expected 866)
4: [FAIL] spanish-patience_seed_24.json (streamliner: both)
4:   - states_searched: 26061 (expected 574)
4: [FAIL] spanish-patience_seed_45.json (streamliner: both)
4:   - states_searched: 13235 (expected 729)
4: [FAIL] spanish-patience_seed_5780.json (streamliner: none)
4:   - states_searched: 541 (expected 433)
4: [FAIL] spanish-patience_seed_6.json (streamliner: both)
4:   - states_searched: 4581 (expected 738)
4: [FAIL] spanish-patience_seed_8.json (streamliner: both)
4:   - states_searched: 2134 (expected 631)
4: [FAIL] trigon_seed_1.json (streamliner: none)
4:   - states_searched: 34 (expected 27)
4: [FAIL] trigon_seed_2.json (streamliner: none)
4:   - states_searched: 62 (expected 48)
4: [FAIL] trigon_seed_29.json (streamliner: none)
4:   - states_searched: 93 (expected 56)
4: [FAIL] trigon_seed_4.json (streamliner: none)
4:   - states_searched: 211 (expected 118)
4: Progress: 150/150 (Pass: 78, Fail: 72)
4: ------------------------------------------------------------
4: Final Report: Passed: 78/150
4: FAILED: 72/150
1/3 Test #4: regression_level1 ................***Failed   48.10 sec
test 5
    Start 5: regression_level2

5: Test command: /opt/homebrew/bin/python3 "/Users/ipg/Research/ReSolvitaire-project/02-Code-Repositories/ReSolvitaire-caching/scripts/regression_runner.py" "--exe" "/Users/ipg/Research/ReSolvitaire-project/02-Code-Repositories/ReSolvitaire-caching/cmake-build-release/bin/solvitaire" "--oracle" "/Users/ipg/Research/ReSolvitaire-project/02-Code-Repositories/ReSolvitaire-caching/tests/oracles/level2.json" "--max-instance-timeout-ms" "60000"
5: Working Directory: /Users/ipg/Research/ReSolvitaire-project/02-Code-Repositories/ReSolvitaire-caching
5: Test timeout computed to be: 9999831
5: Running Regression: 160 instances (Oracle: level2.json)
5: ------------------------------------------------------------
5: [FAIL] alpha-star_125028_winnable.json (streamliner: both)
5:   - states_searched: 199 (expected 52866)
5: [FAIL] american-canister_1332_unwinnable.json (streamliner: none)
5:   - states_searched: 180105 (expected 65560)
5: [FAIL] american-canister_6993035_winnable.json (streamliner: both)
5:   - TIMEOUT FAILURE: 3206594 nodes processed before timeout (baseline 134033)
5: [FAIL] bakers-game_155_unwinnable.json (streamliner: none)
5:   - states_searched: 70599 (expected 66790)
5: [FAIL] bakers-game_1733_winnable.json (streamliner: none)
5:   - states_searched: 161422 (expected 72121)
5: [FAIL] beleaguered-castle_139_winnable.json (streamliner: both)
5:   - TIMEOUT FAILURE: 4120465 nodes processed before timeout (baseline 254244)
5: [FAIL] beleaguered-castle_780_unwinnable.json (streamliner: none)
5:   - states_searched: 416883 (expected 175553)
5: [FAIL] black-hole_9029653_winnable.json (streamliner: both)
5:   - states_searched: 257240 (expected 111738)
5: [FAIL] black-hole_9259303_unwinnable.json (streamliner: none)
5:   - states_searched: 490810 (expected 141012)
5: [FAIL] british-canister_1073003_unwinnable.json (streamliner: none)
5:   - states_searched: 196651 (expected 135292)
5: [FAIL] canfield-strict_4000100_unwinnable.json (streamliner: none)
5:   - states_searched: 142759 (expected 155109)
5: [FAIL] canfield-strict_4000550_winnable.json (streamliner: both)
5:   - states_searched: 170229 (expected 112275)
5: [FAIL] canfield_1000225_unwinnable.json (streamliner: none)
5:   - states_searched: 137522 (expected 133412)
5: [FAIL] canfield_1000237_winnable.json (streamliner: both)
5:   - states_searched: 200317 (expected 129328)
5: [FAIL] delta-star_169669_winnable.json (streamliner: both)
5:   - states_searched: 80274 (expected 82927)
5: [FAIL] delta-star_3605081_unwinnable.json (streamliner: none)
5:   - states_searched: 48047 (expected 45414)
5: Progress: 25/160 (Pass: 9, Fail: 16)
5: [FAIL] fore-cell-same-suit_103_unwinnable.json (streamliner: none)
5:   - states_searched: 204201 (expected 133921)
5: [FAIL] fore-cell-same-suit_1429_winnable.json (streamliner: both)
5:   - states_searched: 177813 (expected 103537)
5: [FAIL] fore-cell_1000965_unwinnable.json (streamliner: none)
5:   - states_searched: 222009 (expected 167117)
5: [FAIL] fore-cell_1001510_winnable.json (streamliner: both)
5:   - states_searched: 1563549 (expected 197794)
5: [FAIL] fortunes-favor_110266_winnable.json (streamliner: both)
5:   - states_searched: 166874 (expected 118873)
5: [FAIL] fortunes-favor_31646033_unwinnable.json (streamliner: none)
5:   - states_searched: 198928 (expected 114880)
5: [FAIL] free-cell-0-cell_4854_winnable.json (streamliner: both)
5:   - states_searched: 859131 (expected 186473)
5: [FAIL] free-cell-0-cell_9463_unwinnable.json (streamliner: none)
5:   - states_searched: 162565 (expected 151924)
5: [FAIL] free-cell-1-cell_115_winnable.json (streamliner: both)
5:   - states_searched: 290771 (expected 137371)
5: [FAIL] free-cell-1-cell_286_unwinnable.json (streamliner: none)
5:   - states_searched: 133125 (expected 94541)
5: [FAIL] free-cell-2-cell_582_winnable.json (streamliner: both)
5:   - states_searched: 3098567 (expected 170841)
5: [FAIL] free-cell-2-cell_902_unwinnable.json (streamliner: none)
5:   - states_searched: 191350 (expected 174401)
5: [FAIL] free-cell-3-cell_1783_winnable.json (streamliner: both)
5:   - states_searched: 1739096 (expected 154421)
5: [FAIL] free-cell-3-cell_951_unwinnable.json (streamliner: none)
5:   - states_searched: 292518 (expected 197327)
5: [FAIL] free-cell-4-pile_326375_unwinnable.json (streamliner: none)
5:   - states_searched: 289221 (expected 206714)
5: [FAIL] free-cell-4-pile_664642_winnable.json (streamliner: none)
5:   - states_searched: 199840 (expected 187401)
5: [FAIL] free-cell-5-pile_126_winnable.json (streamliner: both)
5:   - states_searched: 1121192 (expected 160061)
5: [FAIL] free-cell-5-pile_313_unwinnable.json (streamliner: none)
5:   - states_searched: 213356 (expected 206933)
5: [FAIL] free-cell-6-pile_128_unwinnable.json (streamliner: none)
5:   - states_searched: 378913 (expected 189680)
5: [FAIL] free-cell-6-pile_34_winnable.json (streamliner: both)
5:   - TIMEOUT FAILURE: 4320403 nodes processed before timeout (baseline 162715)
5: [FAIL] free-cell-7-pile_1087_unwinnable.json (streamliner: none)
5:   - states_searched: 136735 (expected 119372)
5: [FAIL] free-cell-7-pile_402_winnable.json (streamliner: both)
5:   - TIMEOUT FAILURE: 1977910 nodes processed before timeout (baseline 150906)
5: [FAIL] free-cell_1457_winnable.json (streamliner: both)
5:   - states_searched: 51064 (expected 88231)
5: [FAIL] free-cell_537751_unwinnable.json (streamliner: none)
5:   - states_searched: 70739 (expected 54939)
5: Progress: 50/160 (Pass: 10, Fail: 40)
5: [FAIL] golf_37_winnable.json (streamliner: none)
5:   - states_searched: 339275 (expected 281384)
5: [FAIL] golf_41_unwinnable.json (streamliner: none)
5:   - states_searched: 355561 (expected 275587)
5: [FAIL] king-albert_1000108_winnable.json (streamliner: both)
5:   - states_searched: 433685 (expected 51727)
5: [FAIL] king-albert_1000379_unwinnable.json (streamliner: none)
5:   - states_searched: 41170 (expected 39181)
5: [FAIL] klondike-deal-1-noworryback_188733_winnable.json (streamliner: none)
5:   - states_searched: 303686 (expected 123614)
5: [FAIL] klondike-deal-1-noworryback_291141_unwinnable.json (streamliner: none)
5:   - states_searched: 187816 (expected 95465)
5: [FAIL] klondike-deal-10-noworryback_404391_winnable.json (streamliner: both)
5:   - states_searched: 157952 (expected 152672)
5: [FAIL] klondike-deal-10-noworryback_738985_unwinnable.json (streamliner: none)
5:   - states_searched: 209188 (expected 151183)
5: [FAIL] klondike-deal-10_215554_winnable.json (streamliner: both)
5:   - states_searched: 169772 (expected 146286)
5: [FAIL] klondike-deal-12-noworryback_819657_winnable.json (streamliner: none)
5:   - states_searched: 189463 (expected 141239)
5: [FAIL] klondike-deal-13-noworryback_690016_unwinnable.json (streamliner: none)
5:   - states_searched: 347456 (expected 190659)
5: [FAIL] klondike-deal-13-noworryback_72032_winnable.json (streamliner: none)
5:   - states_searched: 193538 (expected 144088)
5: Progress: 75/160 (Pass: 23, Fail: 52)
5: [FAIL] klondike-deal-1_637778_unwinnable.json (streamliner: none)
5:   - states_searched: 252500 (expected 95870)
5: [FAIL] klondike-deal-1_700004_winnable.json (streamliner: none)
5:   - states_searched: 289837 (expected 80587)
5: [FAIL] klondike-deal-2-noworryback_673293_winnable.json (streamliner: both)
5:   - states_searched: 178724 (expected 122918)
5: [FAIL] klondike-deal-2-noworryback_716433_unwinnable.json (streamliner: none)
5:   - states_searched: 158259 (expected 133879)
5: [FAIL] klondike-deal-2_275229_unwinnable.json (streamliner: none)
5:   - states_searched: 129650 (expected 108715)
5: [FAIL] klondike-deal-2_645385_winnable.json (streamliner: both)
5:   - states_searched: 144020 (expected 124768)
5: [FAIL] klondike-deal-3-anyspace_265002_winnable.json (streamliner: both)
5:   - states_searched: 30341 (expected 93343)
5: [FAIL] klondike-deal-3-anyspace_842574_unwinnable.json (streamliner: none)
5:   - states_searched: 91973 (expected 90867)
5: [FAIL] klondike-deal-3-anysuit_176898_winnable.json (streamliner: both)
5:   - TIMEOUT FAILURE: 2793793 nodes processed before timeout (baseline 182345)
5: [FAIL] klondike-deal-3-anysuit_239055_unwinnable.json (streamliner: none)
5:   - states_searched: 77398 (expected 74362)
5: [FAIL] klondike-deal-3-anysuitanyspace_870306_winnable.json (streamliner: none)
5:   - states_searched: 201566 (expected 201563)
5: [FAIL] klondike-deal-3-anysuitanyspace_898114_unwinnable.json (streamliner: none)
5:   - states_searched: 125678 (expected 119811)
5: [FAIL] klondike-deal-3-anysuitnospace_792_winnable.json (streamliner: both)
5:   - states_searched: 281990 (expected 122234)
5: [FAIL] klondike-deal-3-nospace_777857_winnable.json (streamliner: both)
5:   - states_searched: 132403 (expected 129646)
5: [FAIL] klondike-deal-3-nospace_786723_unwinnable.json (streamliner: none)
5:   - states_searched: 131942 (expected 128053)
5: [FAIL] klondike-deal-3-noworryback_111805_unwinnable.json (streamliner: none)
5:   - states_searched: 113103 (expected 112445)
5: [FAIL] klondike-deal-3-noworryback_902818_winnable.json (streamliner: both)
5:   - states_searched: 100819 (expected 90983)
5: [FAIL] klondike-deal-3-samesuit_1137_winnable.json (streamliner: both)
5:   - states_searched: 274698 (expected 256442)
5: [FAIL] klondike-deal-3-samesuit_320_unwinnable.json (streamliner: none)
5:   - states_searched: 168045 (expected 162749)
5: [FAIL] klondike-deal-3-samesuitanyspace_530816_winnable.json (streamliner: none)
5:   - states_searched: 141555 (expected 128987)
5: [FAIL] klondike-deal-3-samesuitanyspace_974096_unwinnable.json (streamliner: none)
5:   - states_searched: 378206 (expected 172185)
5: [FAIL] klondike-deal-3-samesuitnospace_446698_winnable.json (streamliner: none)
5:   - states_searched: 260598 (expected 248674)
5: [FAIL] klondike-deal-3-samesuitnospace_874496_unwinnable.json (streamliner: none)
5:   - states_searched: 374017 (expected 357644)
5: [FAIL] klondike-deal-4-noworryback_211038_winnable.json (streamliner: both)
5:   - states_searched: 238910 (expected 144690)
5: [FAIL] klondike-deal-4-noworryback_2165_unwinnable.json (streamliner: none)
5:   - states_searched: 181248 (expected 159733)
5: [FAIL] klondike-deal-4_18238_winnable.json (streamliner: both)
5:   - states_searched: 251658 (expected 85799)
5: [FAIL] klondike-deal-5-noworryback_196027_unwinnable.json (streamliner: none)
5:   - states_searched: 116852 (expected 116768)
5: [FAIL] klondike-deal-5-noworryback_756012_winnable.json (streamliner: both)
5:   - states_searched: 312721 (expected 77937)
5: [FAIL] klondike-deal-5_258208_winnable.json (streamliner: both)
5:   - states_searched: 685551 (expected 147111)
5: [FAIL] klondike-deal-5_447216_unwinnable.json (streamliner: none)
5:   - states_searched: 113976 (expected 113558)
5: [FAIL] klondike-deal-6-noworryback_95126_winnable.json (streamliner: both)
5:   - states_searched: 188809 (expected 146705)
5: [FAIL] klondike-deal-6_203592_unwinnable.json (streamliner: none)
5:   - states_searched: 231851 (expected 124863)
5: [FAIL] klondike-deal-6_265155_winnable.json (streamliner: both)
5:   - states_searched: 218638 (expected 117204)
5: [FAIL] klondike-deal-7-noworryback_654343_unwinnable.json (streamliner: none)
5:   - states_searched: 295906 (expected 151034)
5: [FAIL] klondike-deal-7-noworryback_741459_winnable.json (streamliner: both)
5:   - states_searched: 244898 (expected 179278)
5: [FAIL] klondike-deal-7_520209_winnable.json (streamliner: both)
5:   - states_searched: 168953 (expected 121399)
5: [FAIL] klondike-deal-7_943027_unwinnable.json (streamliner: none)
5:   - states_searched: 142600 (expected 142185)
5: [FAIL] klondike-deal-8-noworryback_254601_winnable.json (streamliner: both)
5:   - states_searched: 1131730 (expected 185283)
5: [FAIL] klondike-deal-8_12_unwinnable.json (streamliner: none)
5:   - states_searched: 161668 (expected 161120)
5: [FAIL] klondike-deal-8_316_winnable.json (streamliner: both)
5:   - states_searched: 169091 (expected 117098)
5: [FAIL] klondike-deal-9-noworryback_539591_unwinnable.json (streamliner: none)
5:   - states_searched: 123466 (expected 123446)
5: [FAIL] klondike-deal-9-noworryback_573853_winnable.json (streamliner: both)
5:   - states_searched: 133290 (expected 121440)
5: [FAIL] klondike-deal-9_35923_winnable.json (streamliner: both)
5:   - states_searched: 150365 (expected 135789)
5: [FAIL] klondike_699325_winnable.json (streamliner: both)
5:   - states_searched: 495904 (expected 143658)
5: [FAIL] klondike_886399_unwinnable.json (streamliner: none)
5:   - states_searched: 172853 (expected 167718)
5: [FAIL] northwest-territory_110_winnable.json (streamliner: both)
5:   - states_searched: 640250 (expected 116862)
5: [FAIL] raglan_43_winnable.json (streamliner: both)
5:   - states_searched: 1467862 (expected 169479)
5: [FAIL] raglan_545_unwinnable.json (streamliner: none)
5:   - states_searched: 321018 (expected 192817)
5: [FAIL] seahaven-towers_1849_unwinnable.json (streamliner: none)
5:   - states_searched: 321297 (expected 238368)
5: [FAIL] seahaven-towers_53_winnable.json (streamliner: none)
5:   - states_searched: 394273 (expected 273776)
5: [FAIL] siegecraft_2690_winnable.json (streamliner: both)
5:   - TIMEOUT FAILURE: 4322196 nodes processed before timeout (baseline 249094)
5: [FAIL] siegecraft_3672_unwinnable.json (streamliner: none)
5:   - states_searched: 358071 (expected 172434)
5: [FAIL] simple-simon_2134_winnable.json (streamliner: both)
5:   - TIMEOUT FAILURE: 1773672 nodes processed before timeout (baseline 160177)
5: [FAIL] somerset_1000019_winnable.json (streamliner: both)
5:   - states_searched: 106204 (expected 17510)
5: [FAIL] somerset_1000068_unwinnable.json (streamliner: none)
5:   - states_searched: 26526 (expected 21484)
5: [FAIL] spanish-patience_12378_winnable.json (streamliner: both)
5:   - TIMEOUT FAILURE: 2230230 nodes processed before timeout (baseline 82197)
5: [FAIL] spanish-patience_133097_unwinnable.json (streamliner: none)
5:   - states_searched: 136229 (expected 85954)
5: [FAIL] streets-and-alleys_24_unwinnable.json (streamliner: none)
5:   - states_searched: 169846 (expected 167110)
5: [FAIL] streets-and-alleys_3_winnable.json (streamliner: both)
5:   - TIMEOUT FAILURE: 3673401 nodes processed before timeout (baseline 187685)
5: [FAIL] stronghold_354_unwinnable.json (streamliner: none)
5:   - states_searched: 241725 (expected 239237)
5: [FAIL] stronghold_552_winnable.json (streamliner: both)
5:   - TIMEOUT FAILURE: 2655936 nodes processed before timeout (baseline 200203)
5: [FAIL] thirty_4308_unwinnable.json (streamliner: none)
5:   - states_searched: 579403 (expected 241690)
5: [FAIL] thirty_7194_winnable.json (streamliner: none)
5:   - states_searched: 539998 (expected 258297)
5: [FAIL] thirtysix_397_winnable.json (streamliner: both)
5:   - TIMEOUT FAILURE: 3282725 nodes processed before timeout (baseline 199831)
5: [FAIL] trigon_12386_unwinnable.json (streamliner: none)
5:   - states_searched: 193526 (expected 61900)
5: [FAIL] trigon_290781_winnable.json (streamliner: none)
5:   - states_searched: 214320 (expected 68087)
5: [FAIL] worm-hole_442555_winnable.json (streamliner: none)
5:   - states_searched: 721582 (expected 237047)
5: [FAIL] worm-hole_522385_unwinnable.json (streamliner: none)
5:   - states_searched: 18681 (expected 9037)
5: ------------------------------------------------------------
5: Final Report: Passed: 40/160
5: FAILED: 120/160
2/3 Test #5: regression_level2 ................***Failed   99.70 sec
test 6
    Start 6: regression_level3

6: Test command: /opt/homebrew/bin/python3 "/Users/ipg/Research/ReSolvitaire-project/02-Code-Repositories/ReSolvitaire-caching/scripts/regression_runner.py" "--exe" "/Users/ipg/Research/ReSolvitaire-project/02-Code-Repositories/ReSolvitaire-caching/cmake-build-release/bin/solvitaire" "--oracle" "/Users/ipg/Research/ReSolvitaire-project/02-Code-Repositories/ReSolvitaire-caching/tests/oracles/level3.json" "--max-instance-timeout-ms" "120000"
6: Working Directory: /Users/ipg/Research/ReSolvitaire-project/02-Code-Repositories/ReSolvitaire-caching
6: Test timeout computed to be: 9999732
6: Running Regression: 160 instances (Oracle: level3.json)
6: ------------------------------------------------------------
6: [FAIL] alpha-star_379003_winnable.json (streamliner: both)
6:   - states_searched: 246835 (expected 246836)
6: [FAIL] american-canister_3063_winnable.json (streamliner: none)
6:   - states_searched: 172490 (expected 190776)
6: [FAIL] american-canister_3649_unwinnable.json (streamliner: none)
6:   - states_searched: 412783 (expected 404367)
6: [FAIL] bakers-game_35821_winnable.json (streamliner: none)
6:   - states_searched: 10256 (expected 329067)
6: [FAIL] bakers-game_418696_unwinnable.json (streamliner: none)
6:   - states_searched: 488091 (expected 352191)
6: [FAIL] beleaguered-castle_183_winnable.json (streamliner: none)
6:   - states_searched: 926488 (expected 949689)
6: [FAIL] beleaguered-castle_292_unwinnable.json (streamliner: none)
6:   - states_searched: 2138435 (expected 1354464)
6: [FAIL] black-hole_6895571_unwinnable.json (streamliner: none)
6:   - states_searched: 1563575 (expected 614421)
6: [FAIL] black-hole_9131859_winnable.json (streamliner: both)
6:   - states_searched: 1230055 (expected 538228)
6: [FAIL] canfield-strict_4000047_winnable.json (streamliner: none)
6:   - states_searched: 853370 (expected 836758)
6: [FAIL] canfield-strict_4000425_unwinnable.json (streamliner: none)
6:   - states_searched: 705764 (expected 690899)
6: [FAIL] canfield_1001111_unwinnable.json (streamliner: none)
6:   - states_searched: 388578 (expected 380870)
6: [FAIL] canfield_1001263_winnable.json (streamliner: both)
6:   - states_searched: 1051526 (expected 721273)
6: [FAIL] delta-star_344200_winnable.json (streamliner: both)
6:   - states_searched: 152052 (expected 435072)
6: [FAIL] delta-star_3605081_unwinnable.json (streamliner: none)
6:   - states_searched: 48047 (expected 45414)
6: Progress: 25/160 (Pass: 10, Fail: 15)
6: [FAIL] fore-cell-same-suit_1390_winnable.json (streamliner: both)
6:   - states_searched: 639653 (expected 526770)
6: [FAIL] fore-cell-same-suit_7986_unwinnable.json (streamliner: none)
6:   - states_searched: 1125912 (expected 636199)
6: [FAIL] fore-cell_1000704_winnable.json (streamliner: none)
6:   - states_searched: 1154197 (expected 866371)
6: [FAIL] fortunes-favor_6974509_winnable.json (streamliner: both)
6:   - states_searched: 666386 (expected 450906)
6: [FAIL] fortunes-favor_79310374_unwinnable.json (streamliner: none)
6:   - states_searched: 585752 (expected 454764)
6: [FAIL] free-cell-0-cell_1258_unwinnable.json (streamliner: none)
6:   - states_searched: 655303 (expected 603345)
6: [FAIL] free-cell-0-cell_23061_winnable.json (streamliner: none)
6:   - states_searched: 550570 (expected 547474)
6: [FAIL] free-cell-1-cell_1482_unwinnable.json (streamliner: none)
6:   - states_searched: 964644 (expected 857229)
6: [FAIL] free-cell-1-cell_993_winnable.json (streamliner: none)
6:   - states_searched: 777270 (expected 774886)
6: [FAIL] free-cell-2-cell_1838_unwinnable.json (streamliner: none)
6:   - states_searched: 1835033 (expected 861043)
6: [FAIL] free-cell-2-cell_644_winnable.json (streamliner: none)
6:   - states_searched: 877499 (expected 856052)
6: [FAIL] free-cell-3-cell_2544_winnable.json (streamliner: both)
6:   - TIMEOUT FAILURE: 5578068 nodes processed before timeout (baseline 788780)
6: [FAIL] free-cell-3-cell_6836_unwinnable.json (streamliner: none)
6:   - states_searched: 891381 (expected 820437)
6: [FAIL] free-cell-4-pile_651423_unwinnable.json (streamliner: none)
6:   - states_searched: 1227177 (expected 1128577)
6: [FAIL] free-cell-4-pile_860950_winnable.json (streamliner: none)
6:   - states_searched: 960866 (expected 784732)
6: [FAIL] free-cell-5-pile_183_winnable.json (streamliner: none)
6:   - states_searched: 2942215 (expected 1280398)
6: [FAIL] free-cell-5-pile_2014_unwinnable.json (streamliner: none)
6:   - states_searched: 1192139 (expected 1121345)
6: [FAIL] free-cell-6-pile_29_winnable.json (streamliner: none)
6:   - states_searched: 1015284 (expected 1014669)
6: [FAIL] free-cell-6-pile_54_unwinnable.json (streamliner: none)
6:   - states_searched: 883261 (expected 792669)
6: [FAIL] free-cell-7-pile_3216_winnable.json (streamliner: both)
6:   - TIMEOUT FAILURE: 5046159 nodes processed before timeout (baseline 722144)
6: [FAIL] free-cell-7-pile_5849_unwinnable.json (streamliner: none)
6:   - states_searched: 984225 (expected 784920)
6: [FAIL] free-cell_1767954_unwinnable.json (streamliner: none)
6:   - states_searched: 348919 (expected 324931)
6: [FAIL] free-cell_30586_winnable.json (streamliner: both)
6:   - states_searched: 1166979 (expected 443992)
6: Progress: 50/160 (Pass: 12, Fail: 38)
6: [FAIL] golf_33_unwinnable.json (streamliner: none)
6:   - states_searched: 1658463 (expected 1326556)
6: [FAIL] golf_50_winnable.json (streamliner: none)
6:   - states_searched: 1032891 (expected 852346)
6: [FAIL] king-albert_1000786_winnable.json (streamliner: both)
6:   - states_searched: 2210073 (expected 172321)
6: [FAIL] king-albert_1001246_unwinnable.json (streamliner: none)
6:   - states_searched: 350376 (expected 257335)
6: [FAIL] klondike-deal-1-noworryback_321126_unwinnable.json (streamliner: none)
6:   - states_searched: 1310908 (expected 568764)
6: [FAIL] klondike-deal-1-noworryback_357092_winnable.json (streamliner: both)
6:   - TIMEOUT FAILURE: 3102724 nodes processed before timeout (baseline 386515)
6: [FAIL] klondike-deal-10-noworryback_366955_winnable.json (streamliner: both)
6:   - states_searched: 987552 (expected 665731)
6: [FAIL] klondike-deal-11-noworryback_416287_winnable.json (streamliner: both)
6:   - states_searched: 2666788 (expected 756178)
6: [FAIL] klondike-deal-12-noworryback_42727_winnable.json (streamliner: none)
6:   - states_searched: 662892 (expected 660977)
6: [FAIL] klondike-deal-12-noworryback_503552_unwinnable.json (streamliner: none)
6:   - states_searched: 918802 (expected 783418)
6: [FAIL] klondike-deal-13-noworryback_459598_winnable.json (streamliner: none)
6:   - states_searched: 540305 (expected 539032)
6: [FAIL] klondike-deal-13-noworryback_595794_unwinnable.json (streamliner: none)
6:   - states_searched: 565632 (expected 543363)
6: Progress: 75/160 (Pass: 25, Fail: 50)
6: [FAIL] klondike-deal-1_647312_unwinnable.json (streamliner: none)
6:   - states_searched: 1462253 (expected 437697)
6: [FAIL] klondike-deal-1_669962_winnable.json (streamliner: none)
6:   - states_searched: 1122249 (expected 525668)
6: [FAIL] klondike-deal-2-noworryback_512480_winnable.json (streamliner: both)
6:   - states_searched: 816643 (expected 577404)
6: [FAIL] klondike-deal-2-noworryback_691069_unwinnable.json (streamliner: none)
6:   - states_searched: 794614 (expected 713054)
6: [FAIL] klondike-deal-2_134600_winnable.json (streamliner: both)
6:   - states_searched: 1468452 (expected 305011)
6: [FAIL] klondike-deal-2_150593_unwinnable.json (streamliner: none)
6:   - states_searched: 363856 (expected 330162)
6: [FAIL] klondike-deal-3-anyspace_25069_unwinnable.json (streamliner: none)
6:   - states_searched: 930179 (expected 881448)
6: [FAIL] klondike-deal-3-anyspace_563991_winnable.json (streamliner: both)
6:   - states_searched: 906001 (expected 691562)
6: [FAIL] klondike-deal-3-anysuit_205146_winnable.json (streamliner: both)
6:   - TIMEOUT FAILURE: 7511525 nodes processed before timeout (baseline 1212092)
6: [FAIL] klondike-deal-3-anysuit_362420_unwinnable.json (streamliner: none)
6:   - states_searched: 1070356 (expected 1044382)
6: [FAIL] klondike-deal-3-anysuitanyspace_183494_unwinnable.json (streamliner: none)
6:   - states_searched: 477826 (expected 477298)
6: [FAIL] klondike-deal-3-anysuitanyspace_407112_winnable.json (streamliner: none)
6:   - states_searched: 908602 (expected 908600)
6: [FAIL] klondike-deal-3-anysuitnospace_1911_winnable.json (streamliner: both)
6:   - TIMEOUT FAILURE: 3927958 nodes processed before timeout (baseline 469643)
6: [FAIL] klondike-deal-3-anysuitnospace_4641_unwinnable.json (streamliner: none)
6:   - states_searched: 431049 (expected 426297)
6: [FAIL] klondike-deal-3-nospace_757232_unwinnable.json (streamliner: none)
6:   - states_searched: 755698 (expected 717504)
6: [FAIL] klondike-deal-3-nospace_855075_winnable.json (streamliner: both)
6:   - states_searched: 870687 (expected 713011)
6: [FAIL] klondike-deal-3-noworryback_263181_unwinnable.json (streamliner: none)
6:   - states_searched: 447775 (expected 432107)
6: [FAIL] klondike-deal-3-samesuit_23331_winnable.json (streamliner: both)
6:   - states_searched: 1558219 (expected 1505735)
6: [FAIL] klondike-deal-3-samesuit_648_unwinnable.json (streamliner: none)
6:   - states_searched: 1471355 (expected 1368302)
6: [FAIL] klondike-deal-3-samesuitanyspace_539479_winnable.json (streamliner: none)
6:   - states_searched: 644554 (expected 607683)
6: [FAIL] klondike-deal-3-samesuitanyspace_832359_unwinnable.json (streamliner: none)
6:   - states_searched: 3440876 (expected 891511)
6: [FAIL] klondike-deal-3-samesuitnospace_129698_unwinnable.json (streamliner: none)
6:   - states_searched: 2059591 (expected 2008193)
6: [FAIL] klondike-deal-3-samesuitnospace_23331_winnable.json (streamliner: none)
6:   - states_searched: 703050 (expected 676892)
6: [FAIL] klondike-deal-4-noworryback_265336_winnable.json (streamliner: both)
6:   - states_searched: 1353849 (expected 609863)
6: [FAIL] klondike-deal-4-noworryback_841236_unwinnable.json (streamliner: none)
6:   - states_searched: 572392 (expected 571455)
6: [FAIL] klondike-deal-4_191962_unwinnable.json (streamliner: none)
6:   - states_searched: 676429 (expected 676312)
6: [FAIL] klondike-deal-4_794784_winnable.json (streamliner: both)
6:   - states_searched: 1965949 (expected 742994)
6: [FAIL] klondike-deal-5-noworryback_169276_unwinnable.json (streamliner: none)
6:   - states_searched: 1233493 (expected 823630)
6: [FAIL] klondike-deal-5-noworryback_688868_winnable.json (streamliner: both)
6:   - states_searched: 1099884 (expected 603544)
6: [FAIL] klondike-deal-5_89625_winnable.json (streamliner: both)
6:   - states_searched: 1114005 (expected 763434)
6: [FAIL] klondike-deal-5_913809_unwinnable.json (streamliner: none)
6:   - states_searched: 304296 (expected 303652)
6: [FAIL] klondike-deal-6-noworryback_581412_winnable.json (streamliner: none)
6:   - states_searched: 1040454 (expected 733924)
6: [FAIL] klondike-deal-6-noworryback_915040_unwinnable.json (streamliner: none)
6:   - states_searched: 531266 (expected 531217)
6: [FAIL] klondike-deal-6_661648_winnable.json (streamliner: both)
6:   - states_searched: 2843556 (expected 568561)
6: [FAIL] klondike-deal-6_672409_unwinnable.json (streamliner: none)
6:   - states_searched: 537761 (expected 537509)
6: [FAIL] klondike-deal-7-noworryback_233842_winnable.json (streamliner: both)
6:   - states_searched: 1511930 (expected 628860)
6: [FAIL] klondike-deal-7_457766_unwinnable.json (streamliner: none)
6:   - states_searched: 706489 (expected 705247)
6: [FAIL] klondike-deal-7_902402_winnable.json (streamliner: both)
6:   - states_searched: 1568116 (expected 598087)
6: [FAIL] klondike-deal-8-noworryback_610693_winnable.json (streamliner: none)
6:   - states_searched: 592911 (expected 592898)
6: [FAIL] klondike-deal-8-noworryback_619868_unwinnable.json (streamliner: none)
6:   - states_searched: 743467 (expected 740954)
6: [FAIL] klondike-deal-8_1647_winnable.json (streamliner: both)
6:   - states_searched: 1664731 (expected 871637)
6: [FAIL] klondike-deal-8_648_unwinnable.json (streamliner: none)
6:   - states_searched: 839599 (expected 669434)
6: [FAIL] klondike-deal-9-noworryback_530129_winnable.json (streamliner: both)
6:   - states_searched: 889550 (expected 775560)
6: [FAIL] klondike-deal-9_166698_unwinnable.json (streamliner: none)
6:   - states_searched: 847874 (expected 845932)
6: [FAIL] klondike_282763_winnable.json (streamliner: both)
6:   - states_searched: 979149 (expected 690226)
6: [FAIL] klondike_896246_unwinnable.json (streamliner: none)
6:   - states_searched: 554311 (expected 546072)
6: [FAIL] northwest-territory_267_winnable.json (streamliner: both)
6:   - states_searched: 1262145 (expected 322292)
6: [FAIL] raglan_1162_winnable.json (streamliner: none)
6:   - states_searched: 853405 (expected 778818)
6: [FAIL] raglan_141_unwinnable.json (streamliner: none)
6:   - states_searched: 875578 (expected 828155)
6: [FAIL] seahaven-towers_226_unwinnable.json (streamliner: none)
6:   - states_searched: 3463958 (expected 1505312)
6: [FAIL] seahaven-towers_693_winnable.json (streamliner: none)
6:   - states_searched: 1426499 (expected 1426410)
6: [FAIL] siegecraft_8797_unwinnable.json (streamliner: none)
6:   - states_searched: 1499363 (expected 952561)
6: [FAIL] siegecraft_9861_winnable.json (streamliner: both)
6:   - TIMEOUT FAILURE: 4099821 nodes processed before timeout (baseline 1107564)
6: [FAIL] simple-simon_10075_winnable.json (streamliner: both)
6:   - states_searched: 11840 (expected 752544)
6: [FAIL] simple-simon_16629_unwinnable.json (streamliner: none)
6:   - states_searched: 1856251 (expected 796350)
6: [FAIL] somerset_1000089_unwinnable.json (streamliner: none)
6:   - states_searched: 154985 (expected 144036)
6: [FAIL] somerset_1000122_winnable.json (streamliner: both)
6:   - states_searched: 1320098 (expected 114273)
6: [FAIL] spanish-patience_159893_winnable.json (streamliner: both)
6:   - states_searched: 110714 (expected 440662)
6: [FAIL] spanish-patience_383174_unwinnable.json (streamliner: none)
6:   - states_searched: 557349 (expected 442150)
6: [FAIL] streets-and-alleys_18_unwinnable.json (streamliner: none)
6:   - states_searched: 1363413 (expected 1280072)
6: [FAIL] streets-and-alleys_614_winnable.json (streamliner: none)
6:   - states_searched: 2539197 (expected 1293937)
6: [FAIL] stronghold_1541_winnable.json (streamliner: both)
6:   - TIMEOUT FAILURE: 6709844 nodes processed before timeout (baseline 1255936)
6: [FAIL] stronghold_2314_unwinnable.json (streamliner: none)
6:   - states_searched: 1710188 (expected 1075983)
6: [FAIL] thirty_14924_winnable.json (streamliner: none)
6:   - states_searched: 1809692 (expected 1261988)
6: [FAIL] thirty_2198_unwinnable.json (streamliner: none)
6:   - states_searched: 2856156 (expected 1286098)
6: [FAIL] thirtysix_400_winnable.json (streamliner: both)
6:   - TIMEOUT FAILURE: 5334845 nodes processed before timeout (baseline 863571)
6: [FAIL] trigon_270217_winnable.json (streamliner: none)
6:   - states_searched: 306377 (expected 98022)
6: [FAIL] trigon_4282898_unwinnable.json (streamliner: none)
6:   - states_searched: 966972 (expected 269354)
6: [FAIL] worm-hole_522385_unwinnable.json (streamliner: none)
6:   - states_searched: 18681 (expected 9037)
6: [FAIL] worm-hole_607932_winnable.json (streamliner: none)
6:   - states_searched: 5335021 (expected 1066902)
6: ------------------------------------------------------------
6: Final Report: Passed: 40/160
6: FAILED: 120/160
3/3 Test #6: regression_level3 ................***Failed  188.37 sec

0% tests passed, 3 tests failed out of 3

Total Test time (real) = 336.17 sec

The following tests FAILED:
	  4 - regression_level1 (Failed)
	  5 - regression_level2 (Failed)
	  6 - regression_level3 (Failed)
Errors while running CTest
Output from these tests are in: /Users/ipg/Research/ReSolvitaire-project/02-Code-Repositories/ReSolvitaire-caching/cmake-build-release/Testing/Temporary/LastTest.log
Use "--rerun-failed --output-on-failure" to re-run the failed cases verbosely.
